00000000  30 30 30 30 30 30 30 20  30 30 36 31 20 20 20 20  |0000000 0061    |
00000010  20 20 20 20 20 20 20 20  20 20 20 20 20 20 20 20  |                |
00000020  20 20 20 20 20 20 20 20  20 20 20 20 20 20 20 0a  |               .|
00000030  30 30 30 30 30 30 31 0a                           |0000001.|
00000038
